[backblue.gif]
[fade.gif]
[index.html]
[localhost/jurnal afisena/indexd784.html]
[localhost/jurnal afisena/indexa6da.html]
[localhost/jurnal afisena/index52f0.json]
[localhost/jurnal afisena/xmlrpc0db0.php]
[localhost/jurnal afisena/wp-content/uploads/2024/10/tittle.png]
[localhost/jurnal afisena/wp-content/uploads/2024/10/Uang-yang-sebenarnya.jpg]
[localhost/jurnal afisena/wp-content/uploads/2024/10/Is-a-Ponzi-Scheme-1-min.png]
[localhost/jurnal afisena/wp-content/uploads/2024/10/Tesis-Besar-Crypto-P.png]
[localhost/jurnal afisena/wp-content/uploads/2024/10/no-bg-data-diri-foto.png]
[localhost/jurnal afisena/wp-content/themes/blogprise/assets/lib/swiper/swiper-bundle.min4bf4.js]
[localhost/jurnal afisena/wp-content/themes/blogprise/assets/custom/js/script.min4bf4.js]
[localhost/jurnal afisena/index.html]
[localhost/jurnal afisena/wp-includes/css/dist/block-library/style.min109c.css]
[localhost/jurnal afisena/wp-content/themes/blogprise/assets/lib/swiper/swiper-bundle.min109c.css]
[localhost/jurnal afisena/wp-content/themes/blogprise/style4bf4.css]
[localhost/jurnal afisena/wp-content/fonts/lato/S6u_w4BMUTPHjxsI9w2_FQft1dw.woff2]
[localhost/jurnal afisena/wp-content/fonts/lato/S6u_w4BMUTPHjxsI9w2_Gwft.woff2]
[localhost/jurnal afisena/wp-content/fonts/lato/S6u8w4BMUTPHjxsAUi-qJCY.woff2]
[localhost/jurnal afisena/wp-content/fonts/lato/S6u8w4BMUTPHjxsAXC-q.woff2]
[localhost/jurnal afisena/wp-content/fonts/lato/S6u_w4BMUTPHjxsI5wq_FQft1dw.woff2]
[localhost/jurnal afisena/wp-content/fonts/lato/S6u_w4BMUTPHjxsI5wq_Gwft.woff2]
[localhost/jurnal afisena/wp-content/fonts/lato/S6u9w4BMUTPHh7USSwaPGR_p.woff2]
[localhost/jurnal afisena/wp-content/fonts/lato/S6u9w4BMUTPHh7USSwiPGQ.woff2]
[localhost/jurnal afisena/wp-content/fonts/lato/S6uyw4BMUTPHjxAwXjeu.woff2]
[localhost/jurnal afisena/wp-content/fonts/lato/S6uyw4BMUTPHjx4wXg.woff2]
[localhost/jurnal afisena/wp-content/fonts/lato/S6u9w4BMUTPHh6UVSwaPGR_p.woff2]
[localhost/jurnal afisena/wp-content/fonts/lato/S6u9w4BMUTPHh6UVSwiPGQ.woff2]
[localhost/jurnal afisena/wp-content/fonts/montserrat/JTUQjIg1_i6t8kCHKm459WxRxC7mw9c.woff2]
[localhost/jurnal afisena/wp-content/fonts/montserrat/JTUQjIg1_i6t8kCHKm459WxRzS7mw9c.woff2]
[localhost/jurnal afisena/wp-content/fonts/montserrat/JTUQjIg1_i6t8kCHKm459WxRxi7mw9c.woff2]
[localhost/jurnal afisena/wp-content/fonts/montserrat/JTUQjIg1_i6t8kCHKm459WxRxy7mw9c.woff2]
[localhost/jurnal afisena/wp-content/fonts/montserrat/JTUQjIg1_i6t8kCHKm459WxRyS7m.woff2]
[localhost/jurnal afisena/wp-content/fonts/montserrat/JTUSjIg1_i6t8kCHKm459WRhyzbi.woff2]
[localhost/jurnal afisena/wp-content/fonts/montserrat/JTUSjIg1_i6t8kCHKm459W1hyzbi.woff2]
[localhost/jurnal afisena/wp-content/fonts/montserrat/JTUSjIg1_i6t8kCHKm459WZhyzbi.woff2]
[localhost/jurnal afisena/wp-content/fonts/montserrat/JTUSjIg1_i6t8kCHKm459Wdhyzbi.woff2]
[localhost/jurnal afisena/wp-content/fonts/montserrat/JTUSjIg1_i6t8kCHKm459Wlhyw.woff2]
[localhost/jurnal afisena/wp-content/fonts/89f4a2c9cd7f7098e4e349c10b680d0c.css]
[localhost/jurnal afisena/index04a2.json]
[localhost/jurnal afisena/index3f7b.html]
[localhost/jurnal afisena/indexb63a.html]
[localhost/jurnal afisena/index2336.json]
[localhost/jurnal afisena/index666f.html]
[localhost/jurnal afisena/index6d1a.json]
[localhost/jurnal afisena/index89ab.php]
[localhost/jurnal afisena/wp-includes/js/comment-reply.min109c.js]
[localhost/jurnal afisena/indexb93f.html]
[localhost/jurnal afisena/indexce84.json]
[localhost/jurnal afisena/indexcd64.html]
[localhost/jurnal afisena/index78a0.html]
[localhost/jurnal afisena/indexecf0.json]
[localhost/jurnal afisena/index57a0.html]
[localhost/jurnal afisena/index6a01.json]
[localhost/jurnal afisena/indexbcfd.php]
[localhost/jurnal afisena/indexb5fb.html]
[localhost/jurnal afisena/index1d26.html]
[localhost/jurnal afisena/indexd69f.json]
[localhost/jurnal afisena/index2927.json]
[localhost/jurnal afisena/index599b.php]
[localhost/jurnal afisena/index42dc.html]
[localhost/jurnal afisena/xmlrpc.php]
[localhost/jurnal afisena/wp-content/uploads/2024/10/Tesis-Besar-Crypto-P.png]
[localhost/jurnal afisena/index8bca.json]
[localhost/jurnal afisena/index48a8.html]
[localhost/jurnal afisena/indexd434.html]
[localhost/jurnal afisena/index9cba.json]
[localhost/jurnal afisena/indexa569.html]
[localhost/jurnal afisena/indexd872.html]
[localhost/jurnal afisena/indexc0ed.json]
[localhost/jurnal afisena/indexc0d9.html]
[localhost/jurnal afisena/indexf4c8.html]
[localhost/jurnal afisena/index2670.json]
[localhost/jurnal afisena/index487d.html]
[localhost/jurnal afisena/index97c7.html]
[localhost/jurnal afisena/indexdd40.json]
[localhost/jurnal afisena/indexbba3.html]
[localhost/jurnal afisena/indexb49c.html]
[localhost/jurnal afisena/indexabb0.json]
[localhost/jurnal afisena/index520d.html]
[localhost/jurnal afisena/indexdb51.html]
[localhost/jurnal afisena/indexb489.json]
[localhost/jurnal afisena/indexc0db.html]
[localhost/jurnal afisena/index27a8.html]
[localhost/jurnal afisena/index031b.json]
[localhost/jurnal afisena/index114b.html]
[localhost/jurnal afisena/index54e2.html]
